sEEEEEE                                                                  [100%]
=================================== ERRORS ====================================
________________ ERROR at setup of test_register_login_logout _________________

    @pytest.fixture(scope='function')
    def client():
        # Reset the default DB file so tests run on a clean database
>       app_server.sa_db.session.remove()

tests\test_api.py:11: 
_ _ _ _ _ _ _ _ _ _ _ _ _ _ _ _ _ _ _ _ _ _ _ _ _ _ _ _ _ _ _ _ _ _ _ _ _ _ _ _
..\..\..\AppData\Roaming\Python\Python314\site-packages\sqlalchemy\orm\scoping.py:257: in remove
    if self.registry.has():
       ^^^^^^^^^^^^^^^^^^^
..\..\..\AppData\Roaming\Python\Python314\site-packages\sqlalchemy\util\_collections.py:638: in has
    return self.scopefunc() in self.registry
           ^^^^^^^^^^^^^^^^
..\..\..\AppData\Roaming\Python\Python314\site-packages\flask_sqlalchemy\session.py:111: in _app_ctx_id
    return id(app_ctx._get_current_object())  # type: ignore[attr-defined]
              ^^^^^^^^^^^^^^^^^^^^^^^^^^^^^
_ _ _ _ _ _ _ _ _ _ _ _ _ _ _ _ _ _ _ _ _ _ _ _ _ _ _ _ _ _ _ _ _ _ _ _ _ _ _ _

    def _get_current_object() -> T:
        try:
            obj = local.get()
        except LookupError:
>           raise RuntimeError(unbound_message) from None
E           RuntimeError: Working outside of application context.
E           
E           This typically means that you attempted to use functionality that needed
E           the current application. To solve this, set up an application context
E           with app.app_context(). See the documentation for more information.

..\..\..\AppData\Roaming\Python\Python314\site-packages\werkzeug\local.py:519: RuntimeError
_________________ ERROR at setup of test_post_and_get_review __________________

    @pytest.fixture(scope='function')
    def client():
        # Reset the default DB file so tests run on a clean database
>       app_server.sa_db.session.remove()

tests\test_api.py:11: 
_ _ _ _ _ _ _ _ _ _ _ _ _ _ _ _ _ _ _ _ _ _ _ _ _ _ _ _ _ _ _ _ _ _ _ _ _ _ _ _
..\..\..\AppData\Roaming\Python\Python314\site-packages\sqlalchemy\orm\scoping.py:257: in remove
    if self.registry.has():
       ^^^^^^^^^^^^^^^^^^^
..\..\..\AppData\Roaming\Python\Python314\site-packages\sqlalchemy\util\_collections.py:638: in has
    return self.scopefunc() in self.registry
           ^^^^^^^^^^^^^^^^
..\..\..\AppData\Roaming\Python\Python314\site-packages\flask_sqlalchemy\session.py:111: in _app_ctx_id
    return id(app_ctx._get_current_object())  # type: ignore[attr-defined]
              ^^^^^^^^^^^^^^^^^^^^^^^^^^^^^
_ _ _ _ _ _ _ _ _ _ _ _ _ _ _ _ _ _ _ _ _ _ _ _ _ _ _ _ _ _ _ _ _ _ _ _ _ _ _ _

    def _get_current_object() -> T:
        try:
            obj = local.get()
        except LookupError:
>           raise RuntimeError(unbound_message) from None
E           RuntimeError: Working outside of application context.
E           
E           This typically means that you attempted to use functionality that needed
E           the current application. To solve this, set up an application context
E           with app.app_context(). See the documentation for more information.

..\..\..\AppData\Roaming\Python\Python314\site-packages\werkzeug\local.py:519: RuntimeError
__________ ERROR at setup of test_admin_user_listing_and_role_change __________

    @pytest.fixture(scope='function')
    def client():
        # Reset the default DB file so tests run on a clean database
>       app_server.sa_db.session.remove()

tests\test_api.py:11: 
_ _ _ _ _ _ _ _ _ _ _ _ _ _ _ _ _ _ _ _ _ _ _ _ _ _ _ _ _ _ _ _ _ _ _ _ _ _ _ _
..\..\..\AppData\Roaming\Python\Python314\site-packages\sqlalchemy\orm\scoping.py:257: in remove
    if self.registry.has():
       ^^^^^^^^^^^^^^^^^^^
..\..\..\AppData\Roaming\Python\Python314\site-packages\sqlalchemy\util\_collections.py:638: in has
    return self.scopefunc() in self.registry
           ^^^^^^^^^^^^^^^^
..\..\..\AppData\Roaming\Python\Python314\site-packages\flask_sqlalchemy\session.py:111: in _app_ctx_id
    return id(app_ctx._get_current_object())  # type: ignore[attr-defined]
              ^^^^^^^^^^^^^^^^^^^^^^^^^^^^^
_ _ _ _ _ _ _ _ _ _ _ _ _ _ _ _ _ _ _ _ _ _ _ _ _ _ _ _ _ _ _ _ _ _ _ _ _ _ _ _

    def _get_current_object() -> T:
        try:
            obj = local.get()
        except LookupError:
>           raise RuntimeError(unbound_message) from None
E           RuntimeError: Working outside of application context.
E           
E           This typically means that you attempted to use functionality that needed
E           the current application. To solve this, set up an application context
E           with app.app_context(). See the documentation for more information.

..\..\..\AppData\Roaming\Python\Python314\site-packages\werkzeug\local.py:519: RuntimeError
________________ ERROR at setup of test_flag_and_delete_review ________________

    @pytest.fixture(scope='function')
    def client():
        # Reset the default DB file so tests run on a clean database
>       app_server.sa_db.session.remove()

tests\test_api.py:11: 
_ _ _ _ _ _ _ _ _ _ _ _ _ _ _ _ _ _ _ _ _ _ _ _ _ _ _ _ _ _ _ _ _ _ _ _ _ _ _ _
..\..\..\AppData\Roaming\Python\Python314\site-packages\sqlalchemy\orm\scoping.py:257: in remove
    if self.registry.has():
       ^^^^^^^^^^^^^^^^^^^
..\..\..\AppData\Roaming\Python\Python314\site-packages\sqlalchemy\util\_collections.py:638: in has
    return self.scopefunc() in self.registry
           ^^^^^^^^^^^^^^^^
..\..\..\AppData\Roaming\Python\Python314\site-packages\flask_sqlalchemy\session.py:111: in _app_ctx_id
    return id(app_ctx._get_current_object())  # type: ignore[attr-defined]
              ^^^^^^^^^^^^^^^^^^^^^^^^^^^^^
_ _ _ _ _ _ _ _ _ _ _ _ _ _ _ _ _ _ _ _ _ _ _ _ _ _ _ _ _ _ _ _ _ _ _ _ _ _ _ _

    def _get_current_object() -> T:
        try:
            obj = local.get()
        except LookupError:
>           raise RuntimeError(unbound_message) from None
E           RuntimeError: Working outside of application context.
E           
E           This typically means that you attempted to use functionality that needed
E           the current application. To solve this, set up an application context
E           with app.app_context(). See the documentation for more information.

..\..\..\AppData\Roaming\Python\Python314\site-packages\werkzeug\local.py:519: RuntimeError
__________ ERROR at setup of test_invalid_school_email_registration ___________

    @pytest.fixture(scope='function')
    def client():
        # Reset the default DB file so tests run on a clean database
>       app_server.sa_db.session.remove()

tests\test_api.py:11: 
_ _ _ _ _ _ _ _ _ _ _ _ _ _ _ _ _ _ _ _ _ _ _ _ _ _ _ _ _ _ _ _ _ _ _ _ _ _ _ _
..\..\..\AppData\Roaming\Python\Python314\site-packages\sqlalchemy\orm\scoping.py:257: in remove
    if self.registry.has():
       ^^^^^^^^^^^^^^^^^^^
..\..\..\AppData\Roaming\Python\Python314\site-packages\sqlalchemy\util\_collections.py:638: in has
    return self.scopefunc() in self.registry
           ^^^^^^^^^^^^^^^^
..\..\..\AppData\Roaming\Python\Python314\site-packages\flask_sqlalchemy\session.py:111: in _app_ctx_id
    return id(app_ctx._get_current_object())  # type: ignore[attr-defined]
              ^^^^^^^^^^^^^^^^^^^^^^^^^^^^^
_ _ _ _ _ _ _ _ _ _ _ _ _ _ _ _ _ _ _ _ _ _ _ _ _ _ _ _ _ _ _ _ _ _ _ _ _ _ _ _

    def _get_current_object() -> T:
        try:
            obj = local.get()
        except LookupError:
>           raise RuntimeError(unbound_message) from None
E           RuntimeError: Working outside of application context.
E           
E           This typically means that you attempted to use functionality that needed
E           the current application. To solve this, set up an application context
E           with app.app_context(). See the documentation for more information.

..\..\..\AppData\Roaming\Python\Python314\site-packages\werkzeug\local.py:519: RuntimeError
________________________ ERROR at setup of test_health ________________________

    @pytest.fixture(scope='function')
    def client():
        # Reset the default DB file so tests run on a clean database
>       app_server.sa_db.session.remove()

tests\test_api.py:11: 
_ _ _ _ _ _ _ _ _ _ _ _ _ _ _ _ _ _ _ _ _ _ _ _ _ _ _ _ _ _ _ _ _ _ _ _ _ _ _ _
..\..\..\AppData\Roaming\Python\Python314\site-packages\sqlalchemy\orm\scoping.py:257: in remove
    if self.registry.has():
       ^^^^^^^^^^^^^^^^^^^
..\..\..\AppData\Roaming\Python\Python314\site-packages\sqlalchemy\util\_collections.py:638: in has
    return self.scopefunc() in self.registry
           ^^^^^^^^^^^^^^^^
..\..\..\AppData\Roaming\Python\Python314\site-packages\flask_sqlalchemy\session.py:111: in _app_ctx_id
    return id(app_ctx._get_current_object())  # type: ignore[attr-defined]
              ^^^^^^^^^^^^^^^^^^^^^^^^^^^^^
_ _ _ _ _ _ _ _ _ _ _ _ _ _ _ _ _ _ _ _ _ _ _ _ _ _ _ _ _ _ _ _ _ _ _ _ _ _ _ _

    def _get_current_object() -> T:
        try:
            obj = local.get()
        except LookupError:
>           raise RuntimeError(unbound_message) from None
E           RuntimeError: Working outside of application context.
E           
E           This typically means that you attempted to use functionality that needed
E           the current application. To solve this, set up an application context
E           with app.app_context(). See the documentation for more information.

..\..\..\AppData\Roaming\Python\Python314\site-packages\werkzeug\local.py:519: RuntimeError
============================== warnings summary ===============================
..\..\..\AppData\Roaming\Python\Python314\site-packages\flask_limiter\_extension.py:364
  C:\Users\hayze_lkyc83a\AppData\Roaming\Python\Python314\site-packages\flask_limiter\_extension.py:364: UserWarning: Using the in-memory storage for tracking rate limits as no storage was explicitly specified. This is not recommended for production use. See: https://flask-limiter.readthedocs.io#configuring-a-storage-backend for documentation about configuring the storage backend.
    warnings.warn(

-- Docs: https://docs.pytest.org/en/stable/how-to/capture-warnings.html
=========================== short test summary info ===========================
ERROR tests/test_api.py::test_register_login_logout - RuntimeError: Working o...
ERROR tests/test_api.py::test_post_and_get_review - RuntimeError: Working out...
ERROR tests/test_api.py::test_admin_user_listing_and_role_change - RuntimeErr...
ERROR tests/test_api.py::test_flag_and_delete_review - RuntimeError: Working ...
ERROR tests/test_api.py::test_invalid_school_email_registration - RuntimeErro...
ERROR tests/test_api.py::test_health - RuntimeError: Working outside of appli...
1 skipped, 1 warning, 6 errors in 0.71s
